======================================================================
SWPtest.dll Complete Reverse Engineering
======================================================================
Loaded: C:\SM2258XT_MPTool\Dll\SWPtest.dll
  Image base: 0x00400000
  Exports: 93 functions
  .text RVA: 0x00001000
  .text size: 0x00045400

[PHASE 1] Basic Export Structure
======================================================================

======================================================================
Analyzing: _SMIPtestDownloadMPISP @ RVA 0x00007AD8
======================================================================
Prologue ends at instruction 146

Parameter structure (ebp-relative):
  _SMIPtestDownloadMPISP: 143 bytes, RVA 0x00007AD8, 0 params

======================================================================
Analyzing: _SMIPtestCheckRunMode @ RVA 0x00007C84
======================================================================
Prologue ends at instruction 145

Parameter structure (ebp-relative):
  _SMIPtestCheckRunMode: 138 bytes, RVA 0x00007C84, 0 params

======================================================================
Analyzing: _SMIPtestDriveReset @ RVA 0x00007D10
======================================================================
Prologue ends at instruction 147

Parameter structure (ebp-relative):
  _SMIPtestDriveReset: 139 bytes, RVA 0x00007D10, 0 params

======================================================================
Analyzing: _SMIReadFlashID @ RVA 0x00006D90
======================================================================
Prologue ends at instruction 114

Parameter structure (ebp-relative):
  _SMIReadFlashID: 288 bytes, RVA 0x00006D90, 0 params

======================================================================
Analyzing: _SMIScanSMIDrive @ RVA 0x00006B5C
======================================================================
Prologue ends at instruction 138

Parameter structure (ebp-relative):
  _SMIScanSMIDrive: 274 bytes, RVA 0x00006B5C, 0 params

======================================================================
Analyzing: _SMISetPassThroughType @ RVA 0x00006B04
======================================================================
Prologue ends at instruction 157

Parameter structure (ebp-relative):
  _SMISetPassThroughType: 85 bytes, RVA 0x00006B04, 0 params

======================================================================
Analyzing: _SMIPtestDownloadISP @ RVA 0x000077E0
======================================================================
Prologue ends at instruction 120

Parameter structure (ebp-relative):
  _SMIPtestDownloadISP: 401 bytes, RVA 0x000077E0, 0 params

======================================================================
Analyzing: _SMIPtestLoadDgISP @ RVA 0x00009C28
======================================================================
Prologue ends at instruction 153

Parameter structure (ebp-relative):
  _SMIPtestLoadDgISP: 142 bytes, RVA 0x00009C28, 0 params

======================================================================
Analyzing: _SMIPtestEraseAll @ RVA 0x000080FC
======================================================================
Prologue ends at instruction 2

Parameter structure (ebp-relative):
  _SMIPtestEraseAll: 1157 bytes, RVA 0x000080FC, 0 params

======================================================================
Analyzing: _SMIPtestProgramDummyAll @ RVA 0x00008584
======================================================================
Prologue ends at instruction 144

Parameter structure (ebp-relative):
  _SMIPtestProgramDummyAll: 856 bytes, RVA 0x00008584, 0 params

[PHASE 2] Call Chain Analysis
======================================================================

Tracing _SMIPtestDownloadMPISP:

Call chain for _SMIPtestDownloadMPISP:
call sub_3CA1C (0x0003CA1C)
  call sub_450D4 (0x000450D4)
    call sub_40894 (0x00040894)
      call sub_4081C (0x0004081C)
        call sub_42984 (0x00042984)
        call sub_42984 (0x00042984)
        call sub_42984 (0x00042984)
        call sub_42984 (0x00042984)
        call sub_4081C (0x0004081C)
      call sub_40566 (0x00040566)
      call sub_404A3 (0x000404A3)
    call sub_44EF5 (0x00044EF5)
      call sub_3D91B (0x0003D91B)
        call sub_46254 (0x00046254)
        call sub_3E9A8 (0x0003E9A8)
        call sub_427E0 (0x000427E0)
        call sub_3E93C (0x0003E93C)
        call sub_3E588 (0x0003E588)
        call sub_461DC (0x000461DC)
        call sub_3E61C (0x0003E61C)
        call sub_3E61C (0x0003E61C)
        call sub_3E9A8 (0x0003E9A8)
        call sub_4625A (0x0004625A)
        call sub_4625A (0x0004625A)
      call sub_1322 (0x00001322)
        call sub_43910 (0x00043910)
        call sub_43928 (0x00043928)
        call sub_1257 (0x00001257)
        call sub_43928 (0x00043928)
        call sub_3CA1C (0x0003CA1C)
        call sub_44B30 (0x00044B30)
        call sub_3CA1C (0x0003CA1C)
        call sub_3EEB8 (0x0003EEB8)
      call sub_426C8 (0x000426C8)
        call sub_42680 (0x00042680)
        call sub_3C82C (0x0003C82C)
        call sub_40B54 (0x00040B54)
        call sub_42858 (0x00042858)
        call sub_42A3C (0x00042A3C)
        call sub_46266 (0x00046266)
        call sub_463A4 (0x000463A4)
        call sub_461E2 (0x000461E2)
        call sub_42728 (0x00042728)
        call sub_3C82C (0x0003C82C)
        call sub_4636E (0x0004636E)
    call sub_443AD (0x000443AD)
      call sub_3D0A0 (0x0003D0A0)
        call sub_3CFC4 (0x0003CFC4)
      call sub_3D0A0 (0x0003D0A0)
      call sub_3D0A0 (0x0003D0A0)
      call sub_426C8 (0x000426C8)
    call sub_3D684 (0x0003D684)
      call sub_1322 (0x00001322)
      call sub_44599 (0x00044599)
        call sub_46314 (0x00046314)
        call sub_3CF8C (0x0003CF8C)
        call sub_44581 (0x00044581)
        call sub_44599 (0x00044599)
        call sub_426C8 (0x000426C8)
        call sub_426C8 (0x000426C8)
      call sub_42A3C (0x00042A3C)
        call sub_43470 (0x00043470)
        call sub_42A28 (0x00042A28)
        call sub_43674 (0x00043674)
        call sub_43608 (0x00043608)
        call sub_43684 (0x00043684)
        call sub_3E554 (0x0003E554)
        call sub_3F100 (0x0003F100)
        call sub_4351C (0x0004351C)
        call sub_43684 (0x00043684)
        call sub_42A50 (0x00042A50)
        call sub_42A50 (0x00042A50)
        call sub_42A50 (0x00042A50)
        call sub_42A50 (0x00042A50)
        call sub_3C82C (0x0003C82C)
        call sub_42FA8 (0x00042FA8)
      call sub_3D708 (0x0003D708)
        call sub_1322 (0x00001322)
        call sub_3D906 (0x0003D906)
        call sub_3D610 (0x0003D610)
        call sub_42984 (0x00042984)
      call sub_1322 (0x00001322)
      call sub_3C6AC (0x0003C6AC)
      call sub_3D544 (0x0003D544)
        call sub_3CA1C (0x0003CA1C)
        call sub_44B30 (0x00044B30)
        call sub_42A3C (0x00042A3C)
        call sub_1322 (0x00001322)
        call sub_3D610 (0x0003D610)
        call sub_46278 (0x00046278)
        call sub_46284 (0x00046284)
        call sub_3CA1C (0x0003CA1C)
        call sub_1322 (0x00001322)
      call sub_1322 (0x00001322)
      call sub_3D906 (0x0003D906)
        call sub_4631A (0x0004631A)
        call sub_46254 (0x00046254)
        call sub_3E9A8 (0x0003E9A8)
        call sub_427E0 (0x000427E0)
        call sub_3E93C (0x0003E93C)
        call sub_3E588 (0x0003E588)
        call sub_461DC (0x000461DC)
        call sub_3E61C (0x0003E61C)
        call sub_3E61C (0x0003E61C)
        call sub_3E9A8 (0x0003E9A8)
        call sub_4625A (0x0004625A)
      call sub_3D610 (0x0003D610)
        call sub_3CA1C (0x0003CA1C)
        call sub_1322 (0x00001322)
        call sub_44599 (0x00044599)
        call sub_3DDF4 (0x0003DDF4)
        call sub_44B30 (0x00044B30)
        call sub_42A3C (0x00042A3C)
        call sub_1322 (0x00001322)
        call sub_44599 (0x00044599)
        call sub_42A3C (0x00042A3C)
        call sub_3D708 (0x0003D708)
        call sub_1322 (0x00001322)
        call sub_3C6AC (0x0003C6AC)
        call sub_3D544 (0x0003D544)
  call sub_426C8 (0x000426C8)
  call sub_426C8 (0x000426C8)
  call sub_426C8 (0x000426C8)
call sub_D268 (0x0000D268)
  call sub_3CA1C (0x0003CA1C)
  call sub_45EA8 (0x00045EA8)
    call sub_3CA1C (0x0003CA1C)
    call sub_3A2D0 (0x0003A2D0)
      call sub_3A59C (0x0003A59C)
        call sub_39168 (0x00039168)
        call sub_3A1BC (0x0003A1BC)
        call sub_3926C (0x0003926C)
        call sub_3A0F8 (0x0003A0F8)
        call sub_463AC (0x000463AC)
        call sub_463AC (0x000463AC)
        call sub_3A670 (0x0003A670)
      call sub_3926C (0x0003926C)
        call sub_3923C (0x0003923C)
        call sub_392AC (0x000392AC)
        call sub_3923C (0x0003923C)
        call sub_3923C (0x0003923C)
      call sub_3A59C (0x0003A59C)
      call sub_3A14C (0x0003A14C)
        call sub_3A1BC (0x0003A1BC)
        call sub_3926C (0x0003926C)
        call sub_39148 (0x00039148)
        call sub_39148 (0x00039148)
        call sub_39128 (0x00039128)
        call sub_3A1BC (0x0003A1BC)
        call sub_3926C (0x0003926C)
        call sub_3A0F8 (0x0003A0F8)
        call sub_46368 (0x00046368)
    call sub_3CA1C (0x0003CA1C)
    call sub_3A14C (0x0003A14C)
    call sub_3CA1C (0x0003CA1C)
    call sub_460D0 (0x000460D0)
      call sub_4607C (0x0004607C)
        call sub_3EDF0 (0x0003EDF0)
        call sub_460EC (0x000460EC)
        call sub_3EDF0 (0x0003EDF0)
        call sub_4607C (0x0004607C)
        call sub_4607C (0x0004607C)
        call sub_3A59C (0x0003A59C)
        call sub_3CA1C (0x0003CA1C)
        call sub_45EA8 (0x00045EA8)
        call sub_3A370 (0x0003A370)
        call sub_45F98 (0x00045F98)
        call sub_45F68 (0x00045F68)
      call sub_3A59C (0x0003A59C)
      call sub_3CA1C (0x0003CA1C)
      call sub_45EA8 (0x00045EA8)
      call sub_3A370 (0x0003A370)
        call sub_3A59C (0x0003A59C)
        call sub_3926C (0x0003926C)
        call sub_3A59C (0x0003A59C)
        call sub_3A14C (0x0003A14C)
        call sub_3A1BC (0x0003A1BC)
        call sub_3926C (0x0003926C)
        call sub_3926C (0x0003926C)
        call sub_3A14C (0x0003A14C)
        call sub_3A59C (0x0003A59C)
      call sub_45F98 (0x00045F98)
        call sub_3A14C (0x0003A14C)
        call sub_3A370 (0x0003A370)
        call sub_3CA1C (0x0003CA1C)
        call sub_3A3B4 (0x0003A3B4)
        call sub_45F98 (0x00045F98)
        call sub_45F68 (0x00045F68)
        call sub_3A4AC (0x0003A4AC)
        call sub_3A4AC (0x0003A4AC)
        call sub_3EDF0 (0x0003EDF0)
      call sub_45F68 (0x00045F68)
        call sub_3A0F8 (0x0003A0F8)
        call sub_3B0B4 (0x0003B0B4)
        call sub_3A14C (0x0003A14C)
        call sub_3A370 (0x0003A370)
        call sub_3CA1C (0x0003CA1C)
        call sub_3A3B4 (0x0003A3B4)
        call sub_45F98 (0x00045F98)
        call sub_45F68 (0x00045F68)
        call sub_3A4AC (0x0003A4AC)
    call sub_3A0F8 (0x0003A0F8)
      call sub_39148 (0x00039148)
        call sub_39210 (0x00039210)
        call sub_3A0E0 (0x0003A0E0)
        call sub_1322 (0x00001322)
        call sub_391B8 (0x000391B8)
        call sub_1322 (0x00001322)
        call sub_1322 (0x00001322)
      call sub_39148 (0x00039148)
      call sub_3A1BC (0x0003A1BC)
        call sub_39128 (0x00039128)
        call sub_3A1BC (0x0003A1BC)
        call sub_3926C (0x0003926C)
        call sub_3A0F8 (0x0003A0F8)
        call sub_46368 (0x00046368)
        call sub_3A0F8 (0x0003A0F8)
        call sub_3A218 (0x0003A218)
        call sub_3A1E8 (0x0003A1E8)
        call sub_3A59C (0x0003A59C)
        call sub_3A218 (0x0003A218)
        call sub_3A59C (0x0003A59C)
      call sub_3926C (0x0003926C)
      call sub_39148 (0x00039148)
      call sub_39148 (0x00039148)
      call sub_39128 (0x00039128)
        call sub_39210 (0x00039210)
        call sub_39210 (0x00039210)
        call sub_3A0E0 (0x0003A0E0)
        call sub_1322 (0x00001322)
        call sub_391B8 (0x000391B8)
        call sub_1322 (0x00001322)
      call sub_3A1BC (0x0003A1BC)
    call sub_3B0B4 (0x0003B0B4)
      call sub_3B534 (0x0003B534)
        call sub_3B520 (0x0003B520)
        call sub_3B544 (0x0003B544)
        call sub_3B544 (0x0003B544)
        call sub_3B544 (0x0003B544)
        call sub_43B64 (0x00043B64)
        call sub_43BC8 (0x00043BC8)
        call sub_43BD8 (0x00043BD8)
      call sub_3B0B4 (0x0003B0B4)
      call sub_3CA1C (0x0003CA1C)
      call sub_44954 (0x00044954)
        call sub_44704 (0x00044704)
        call sub_1322 (0x00001322)
        call sub_3D610 (0x0003D610)
        call sub_44704 (0x00044704)
        call sub_3D906 (0x0003D906)
        call sub_3CA1C (0x0003CA1C)
      call sub_3B524 (0x0003B524)
        call sub_3B520 (0x0003B520)
        call sub_3B544 (0x0003B544)
        call sub_3B544 (0x0003B544)
        call sub_3B544 (0x0003B544)
        call sub_43B64 (0x00043B64)
        call sub_43BC8 (0x00043BC8)
    call sub_3A14C (0x0003A14C)
  call sub_B178 (0x0000B178)
    call sub_3CA1C (0x0003CA1C)
    call sub_45EE0 (0x00045EE0)
      call sub_3CA1C (0x0003CA1C)
      call sub_3A14C (0x0003A14C)
      call sub_3CA1C (0x0003CA1C)
      call sub_460D0 (0x000460D0)
      call sub_3A0F8 (0x0003A0F8)
      call sub_3B0B4 (0x0003B0B4)
      call sub_3A14C (0x0003A14C)
      call sub_3A370 (0x0003A370)
      call sub_3CA1C (0x0003CA1C)
    call sub_48AC (0x000048AC)
      call sub_3CA1C (0x0003CA1C)
      call sub_3CA1C (0x0003CA1C)
      call sub_3B28C (0x0003B28C)
        call sub_3B0E8 (0x0003B0E8)
        call sub_3CA1C (0x0003CA1C)
        call sub_44954 (0x00044954)
        call sub_3B0D4 (0x0003B0D4)
        call sub_3CA1C (0x0003CA1C)
        call sub_3CA1C (0x0003CA1C)
        call sub_3C650 (0x0003C650)
      call sub_3B28C (0x0003B28C)
      call sub_6220 (0x00006220)
        call sub_3CA1C (0x0003CA1C)
        call sub_3C71C (0x0003C71C)
        call sub_45EA8 (0x00045EA8)
        call sub_5F6C (0x00005F6C)
        call sub_45F68 (0x00045F68)
        call sub_44B30 (0x00044B30)
        call sub_3CA1C (0x0003CA1C)
        call sub_3C6AC (0x0003C6AC)
        call sub_45EA8 (0x00045EA8)
        call sub_5F6C (0x00005F6C)
        call sub_45F68 (0x00045F68)
      call sub_6220 (0x00006220)
      call sub_5FB8 (0x00005FB8)
        call sub_3CA1C (0x0003CA1C)
        call sub_3B28C (0x0003B28C)
        call sub_1838 (0x00001838)
        call sub_1838 (0x00001838)
        call sub_1838 (0x00001838)
        call sub_1838 (0x00001838)
        call sub_6220 (0x00006220)
        call sub_1838 (0x00001838)
        call sub_45EA8 (0x00045EA8)
        call sub_6618 (0x00006618)
      call sub_45EA8 (0x00045EA8)
      call sub_5F6C (0x00005F6C)
        call sub_3CA1C (0x0003CA1C)
        call sub_45EE0 (0x00045EE0)
        call sub_45F68 (0x00045F68)
        call sub_3CA1C (0x0003CA1C)
        call sub_3B28C (0x0003B28C)
        call sub_1838 (0x00001838)
        call sub_1838 (0x00001838)
        call sub_1838 (0x00001838)
        call sub_1838 (0x00001838)
    call sub_45EA8 (0x00045EA8)
    call sub_45F98 (0x00045F98)
    call sub_45F68 (0x00045F68)
    call sub_6438 (0x00006438)
      call sub_3CA1C (0x0003CA1C)
      call sub_3B28C (0x0003B28C)
      call sub_650C (0x0000650C)
        call sub_3CA1C (0x0003CA1C)
        call sub_3B28C (0x0003B28C)
        call sub_3C6AC (0x0003C6AC)
        call sub_3B0C4 (0x0003B0C4)
        call sub_45EA8 (0x00045EA8)
        call sub_5F6C (0x00005F6C)
        call sub_45F68 (0x00045F68)
        call sub_44B30 (0x00044B30)
      call sub_3C7FC (0x0003C7FC)
      call sub_3B0C4 (0x0003B0C4)
        call sub_3B0B4 (0x0003B0B4)
        call sub_3CA1C (0x0003CA1C)
        call sub_44954 (0x00044954)
        call sub_3B524 (0x0003B524)
      call sub_45EA8 (0x00045EA8)
      call sub_5F6C (0x00005F6C)
      call sub_45F68 (0x00045F68)
      call sub_44B30 (0x00044B30)
        call sub_1322 (0x00001322)
        call sub_426C8 (0x000426C8)
        call sub_1322 (0x00001322)
        call sub_1322 (0x00001322)
        call sub_426C8 (0x000426C8)
        call sub_426C8 (0x000426C8)
        call sub_44AA8 (0x00044AA8)
        call sub_44599 (0x00044599)
    call sub_45F68 (0x00045F68)
    call sub_45EA8 (0x00045EA8)
    call sub_45FAC (0x00045FAC)
      call sub_3A370 (0x0003A370)
      call sub_3CA1C (0x0003CA1C)
      call sub_3A3B4 (0x0003A3B4)
        call sub_3A14C (0x0003A14C)
        call sub_3A1BC (0x0003A1BC)
        call sub_3926C (0x0003926C)
        call sub_3926C (0x0003926C)
        call sub_3A14C (0x0003A14C)
        call sub_3A59C (0x0003A59C)
        call sub_3A1BC (0x0003A1BC)
        call sub_3926C (0x0003926C)
        call sub_3A14C (0x0003A14C)
      call sub_45F98 (0x00045F98)
      call sub_45F68 (0x00045F68)
      call sub_3A4AC (0x0003A4AC)
        call sub_3A1E8 (0x0003A1E8)
        call sub_3A0F8 (0x0003A0F8)
      call sub_3A4AC (0x0003A4AC)
      call sub_3EDF0 (0x0003EDF0)
        call sub_3F244 (0x0003F244)
        call sub_3F244 (0x0003F244)
        call sub_3F244 (0x0003F244)
        call sub_3C6AC (0x0003C6AC)
        call sub_3F244 (0x0003F244)
      call sub_460EC (0x000460EC)
        call sub_3A59C (0x0003A59C)
        call sub_3CA1C (0x0003CA1C)
        call sub_45EA8 (0x00045EA8)
        call sub_3A370 (0x0003A370)
        call sub_45F98 (0x00045F98)
        call sub_45F68 (0x00045F68)
  call sub_45F68 (0x00045F68)
  call sub_45EA8 (0x00045EA8)
  call sub_B178 (0x0000B178)
  call sub_45F68 (0x00045F68)
  call sub_CF98 (0x0000CF98)
    call sub_3CA1C (0x0003CA1C)
    call sub_45EA8 (0x00045EA8)
    call sub_B178 (0x0000B178)
    call sub_45F68 (0x00045F68)
    call sub_3B28C (0x0003B28C)
    call sub_45EA8 (0x00045EA8)
    call sub_B178 (0x0000B178)
    call sub_45F68 (0x00045F68)
    call sub_2300 (0x00002300)
      call sub_3CA1C (0x0003CA1C)
      call sub_3B28C (0x0003B28C)
      call sub_3B28C (0x0003B28C)
      call sub_6220 (0x00006220)
      call sub_6220 (0x00006220)
      call sub_5FB8 (0x00005FB8)
      call sub_45EA8 (0x00045EA8)
      call sub_5F6C (0x00005F6C)
      call sub_45F68 (0x00045F68)
      call sub_19D8 (0x000019D8)
        call sub_3CA1C (0x0003CA1C)
        call sub_171C (0x0000171C)
        call sub_171C (0x0000171C)
        call sub_1558 (0x00001558)
  call sub_45EA8 (0x00045EA8)
  call sub_B178 (0x0000B178)
  call sub_45F68 (0x00045F68)
call sub_45EA8 (0x00045EA8)
call sub_5F6C (0x00005F6C)
call sub_45F68 (0x00045F68)
call sub_44B30 (0x00044B30)
call sub_3CA1C (0x0003CA1C)
call sub_C6AC (0x0000C6AC)
  call sub_3CA1C (0x0003CA1C)
  call sub_45EA8 (0x00045EA8)
  call sub_B178 (0x0000B178)
  call sub_45F68 (0x00045F68)
  call sub_45EA8 (0x00045EA8)
  call sub_B178 (0x0000B178)
  call sub_45F68 (0x00045F68)
  call sub_CF98 (0x0000CF98)
  call sub_45EA8 (0x00045EA8)
  call sub_B178 (0x0000B178)
  call sub_45F68 (0x00045F68)
  call sub_B104 (0x0000B104)
    call sub_3CA1C (0x0003CA1C)
    call sub_44B30 (0x00044B30)
    call sub_3CA1C (0x0003CA1C)
    call sub_45EE0 (0x00045EE0)
    call sub_48AC (0x000048AC)
    call sub_45EA8 (0x00045EA8)
    call sub_45F98 (0x00045F98)
call sub_45EA8 (0x00045EA8)
call sub_5F6C (0x00005F6C)
call sub_45F68 (0x00045F68)

Tracing _SMIPtestCheckRunMode:

Call chain for _SMIPtestCheckRunMode:
call sub_3CA1C (0x0003CA1C)
  call sub_450D4 (0x000450D4)
    call sub_40894 (0x00040894)
      call sub_4081C (0x0004081C)
        call sub_42984 (0x00042984)
        call sub_42984 (0x00042984)
        call sub_42984 (0x00042984)
        call sub_42984 (0x00042984)
        call sub_4081C (0x0004081C)
      call sub_40566 (0x00040566)
      call sub_404A3 (0x000404A3)
    call sub_44EF5 (0x00044EF5)
      call sub_3D91B (0x0003D91B)
        call sub_46254 (0x00046254)
        call sub_3E9A8 (0x0003E9A8)
        call sub_427E0 (0x000427E0)
        call sub_3E93C (0x0003E93C)
        call sub_3E588 (0x0003E588)
        call sub_461DC (0x000461DC)
        call sub_3E61C (0x0003E61C)
        call sub_3E61C (0x0003E61C)
        call sub_3E9A8 (0x0003E9A8)
        call sub_4625A (0x0004625A)
        call sub_4625A (0x0004625A)
      call sub_1322 (0x00001322)
        call sub_43910 (0x00043910)
        call sub_43928 (0x00043928)
        call sub_1257 (0x00001257)
        call sub_43928 (0x00043928)
        call sub_3CA1C (0x0003CA1C)
        call sub_44B30 (0x00044B30)
        call sub_3CA1C (0x0003CA1C)
        call sub_3EEB8 (0x0003EEB8)
      call sub_426C8 (0x000426C8)
        call sub_42680 (0x00042680)
        call sub_3C82C (0x0003C82C)
        call sub_40B54 (0x00040B54)
        call sub_42858 (0x00042858)
        call sub_42A3C (0x00042A3C)
        call sub_46266 (0x00046266)
        call sub_463A4 (0x000463A4)
        call sub_461E2 (0x000461E2)
        call sub_42728 (0x00042728)
        call sub_3C82C (0x0003C82C)
        call sub_4636E (0x0004636E)
    call sub_443AD (0x000443AD)
      call sub_3D0A0 (0x0003D0A0)
        call sub_3CFC4 (0x0003CFC4)
      call sub_3D0A0 (0x0003D0A0)
      call sub_3D0A0 (0x0003D0A0)
      call sub_426C8 (0x000426C8)
    call sub_3D684 (0x0003D684)
      call sub_1322 (0x00001322)
      call sub_44599 (0x00044599)
        call sub_46314 (0x00046314)
        call sub_3CF8C (0x0003CF8C)
        call sub_44581 (0x00044581)
        call sub_44599 (0x00044599)
        call sub_426C8 (0x000426C8)
        call sub_426C8 (0x000426C8)
      call sub_42A3C (0x00042A3C)
        call sub_43470 (0x00043470)
        call sub_42A28 (0x00042A28)
        call sub_43674 (0x00043674)
        call sub_43608 (0x00043608)
        call sub_43684 (0x00043684)
        call sub_3E554 (0x0003E554)
        call sub_3F100 (0x0003F100)
        call sub_4351C (0x0004351C)
        call sub_43684 (0x00043684)
        call sub_42A50 (0x00042A50)
        call sub_42A50 (0x00042A50)
        call sub_42A50 (0x00042A50)
        call sub_42A50 (0x00042A50)
        call sub_3C82C (0x0003C82C)
        call sub_42FA8 (0x00042FA8)
      call sub_3D708 (0x0003D708)
        call sub_1322 (0x00001322)
        call sub_3D906 (0x0003D906)
        call sub_3D610 (0x0003D610)
        call sub_42984 (0x00042984)
      call sub_1322 (0x00001322)
      call sub_3C6AC (0x0003C6AC)
      call sub_3D544 (0x0003D544)
        call sub_3CA1C (0x0003CA1C)
        call sub_44B30 (0x00044B30)
        call sub_42A3C (0x00042A3C)
        call sub_1322 (0x00001322)
        call sub_3D610 (0x0003D610)
        call sub_46278 (0x00046278)
        call sub_46284 (0x00046284)
        call sub_3CA1C (0x0003CA1C)
        call sub_1322 (0x00001322)
      call sub_1322 (0x00001322)
      call sub_3D906 (0x0003D906)
        call sub_4631A (0x0004631A)
        call sub_46254 (0x00046254)
        call sub_3E9A8 (0x0003E9A8)
        call sub_427E0 (0x000427E0)
        call sub_3E93C (0x0003E93C)
        call sub_3E588 (0x0003E588)
        call sub_461DC (0x000461DC)
        call sub_3E61C (0x0003E61C)
        call sub_3E61C (0x0003E61C)
        call sub_3E9A8 (0x0003E9A8)
        call sub_4625A (0x0004625A)
      call sub_3D610 (0x0003D610)
        call sub_3CA1C (0x0003CA1C)
        call sub_1322 (0x00001322)
        call sub_44599 (0x00044599)
        call sub_3DDF4 (0x0003DDF4)
        call sub_44B30 (0x00044B30)
        call sub_42A3C (0x00042A3C)
        call sub_1322 (0x00001322)
        call sub_44599 (0x00044599)
        call sub_42A3C (0x00042A3C)
        call sub_3D708 (0x0003D708)
        call sub_1322 (0x00001322)
        call sub_3C6AC (0x0003C6AC)
        call sub_3D544 (0x0003D544)
  call sub_426C8 (0x000426C8)
  call sub_426C8 (0x000426C8)
  call sub_426C8 (0x000426C8)
call sub_CF98 (0x0000CF98)
  call sub_3CA1C (0x0003CA1C)
  call sub_45EA8 (0x00045EA8)
    call sub_3CA1C (0x0003CA1C)
    call sub_3A2D0 (0x0003A2D0)
      call sub_3A59C (0x0003A59C)
        call sub_39168 (0x00039168)
        call sub_3A1BC (0x0003A1BC)
        call sub_3926C (0x0003926C)
        call sub_3A0F8 (0x0003A0F8)
        call sub_463AC (0x000463AC)
        call sub_463AC (0x000463AC)
        call sub_3A670 (0x0003A670)
      call sub_3926C (0x0003926C)
        call sub_3923C (0x0003923C)
        call sub_392AC (0x000392AC)
        call sub_3923C (0x0003923C)
        call sub_3923C (0x0003923C)
      call sub_3A59C (0x0003A59C)
      call sub_3A14C (0x0003A14C)
        call sub_3A1BC (0x0003A1BC)
        call sub_3926C (0x0003926C)
        call sub_39148 (0x00039148)
        call sub_39148 (0x00039148)
        call sub_39128 (0x00039128)
        call sub_3A1BC (0x0003A1BC)
        call sub_3926C (0x0003926C)
        call sub_3A0F8 (0x0003A0F8)
        call sub_46368 (0x00046368)
    call sub_3CA1C (0x0003CA1C)
    call sub_3A14C (0x0003A14C)
    call sub_3CA1C (0x0003CA1C)
    call sub_460D0 (0x000460D0)
      call sub_4607C (0x0004607C)
        call sub_3EDF0 (0x0003EDF0)
        call sub_460EC (0x000460EC)
        call sub_3EDF0 (0x0003EDF0)
        call sub_4607C (0x0004607C)
        call sub_4607C (0x0004607C)
        call sub_3A59C (0x0003A59C)
        call sub_3CA1C (0x0003CA1C)
        call sub_45EA8 (0x00045EA8)
        call sub_3A370 (0x0003A370)
        call sub_45F98 (0x00045F98)
        call sub_45F68 (0x00045F68)
      call sub_3A59C (0x0003A59C)
      call sub_3CA1C (0x0003CA1C)
      call sub_45EA8 (0x00045EA8)
      call sub_3A370 (0x0003A370)
        call sub_3A59C (0x0003A59C)
        call sub_3926C (0x0003926C)
        call sub_3A59C (0x0003A59C)
        call sub_3A14C (0x0003A14C)
        call sub_3A1BC (0x0003A1BC)
        call sub_3926C (0x0003926C)
        call sub_3926C (0x0003926C)
        call sub_3A14C (0x0003A14C)
        call sub_3A59C (0x0003A59C)
      call sub_45F98 (0x00045F98)
        call sub_3A14C (0x0003A14C)
        call sub_3A370 (0x0003A370)
        call sub_3CA1C (0x0003CA1C)
        call sub_3A3B4 (0x0003A3B4)
        call sub_45F98 (0x00045F98)
        call sub_45F68 (0x00045F68)
        call sub_3A4AC (0x0003A4AC)
        call sub_3A4AC (0x0003A4AC)
        call sub_3EDF0 (0x0003EDF0)
      call sub_45F68 (0x00045F68)
        call sub_3A0F8 (0x0003A0F8)
        call sub_3B0B4 (0x0003B0B4)
        call sub_3A14C (0x0003A14C)
        call sub_3A370 (0x0003A370)
        call sub_3CA1C (0x0003CA1C)
        call sub_3A3B4 (0x0003A3B4)
        call sub_45F98 (0x00045F98)
        call sub_45F68 (0x00045F68)
        call sub_3A4AC (0x0003A4AC)
    call sub_3A0F8 (0x0003A0F8)
      call sub_39148 (0x00039148)
        call sub_39210 (0x00039210)
        call sub_3A0E0 (0x0003A0E0)
        call sub_1322 (0x00001322)
        call sub_391B8 (0x000391B8)
        call sub_1322 (0x00001322)
        call sub_1322 (0x00001322)
      call sub_39148 (0x00039148)
      call sub_3A1BC (0x0003A1BC)
        call sub_39128 (0x00039128)
        call sub_3A1BC (0x0003A1BC)
        call sub_3926C (0x0003926C)
        call sub_3A0F8 (0x0003A0F8)
        call sub_46368 (0x00046368)
        call sub_3A0F8 (0x0003A0F8)
        call sub_3A218 (0x0003A218)
        call sub_3A1E8 (0x0003A1E8)
        call sub_3A59C (0x0003A59C)
        call sub_3A218 (0x0003A218)
        call sub_3A59C (0x0003A59C)
      call sub_3926C (0x0003926C)
      call sub_39148 (0x00039148)
      call sub_39148 (0x00039148)
      call sub_39128 (0x00039128)
        call sub_39210 (0x00039210)
        call sub_39210 (0x00039210)
        call sub_3A0E0 (0x0003A0E0)
        call sub_1322 (0x00001322)
        call sub_391B8 (0x000391B8)
        call sub_1322 (0x00001322)
      call sub_3A1BC (0x0003A1BC)
    call sub_3B0B4 (0x0003B0B4)
      call sub_3B534 (0x0003B534)
        call sub_3B520 (0x0003B520)
        call sub_3B544 (0x0003B544)
        call sub_3B544 (0x0003B544)
        call sub_3B544 (0x0003B544)
        call sub_43B64 (0x00043B64)
        call sub_43BC8 (0x00043BC8)
        call sub_43BD8 (0x00043BD8)
      call sub_3B0B4 (0x0003B0B4)
      call sub_3CA1C (0x0003CA1C)
      call sub_44954 (0x00044954)
        call sub_44704 (0x00044704)
        call sub_1322 (0x00001322)
        call sub_3D610 (0x0003D610)
        call sub_44704 (0x00044704)
        call sub_3D906 (0x0003D906)
        call sub_3CA1C (0x0003CA1C)
      call sub_3B524 (0x0003B524)
        call sub_3B520 (0x0003B520)
        call sub_3B544 (0x0003B544)
        call sub_3B544 (0x0003B544)
        call sub_3B544 (0x0003B544)
        call sub_43B64 (0x00043B64)
        call sub_43BC8 (0x00043BC8)
    call sub_3A14C (0x0003A14C)
  call sub_B178 (0x0000B178)
    call sub_3CA1C (0x0003CA1C)
    call sub_45EE0 (0x00045EE0)
      call sub_3CA1C (0x0003CA1C)
      call sub_3A14C (0x0003A14C)
      call sub_3CA1C (0x0003CA1C)
      call sub_460D0 (0x000460D0)
      call sub_3A0F8 (0x0003A0F8)
      call sub_3B0B4 (0x0003B0B4)
      call sub_3A14C (0x0003A14C)
      call sub_3A370 (0x0003A370)
      call sub_3CA1C (0x0003CA1C)
    call sub_48AC (0x000048AC)
      call sub_3CA1C (0x0003CA1C)
      call sub_3CA1C (0x0003CA1C)
      call sub_3B28C (0x0003B28C)
        call sub_3B0E8 (0x0003B0E8)
        call sub_3CA1C (0x0003CA1C)
        call sub_44954 (0x00044954)
        call sub_3B0D4 (0x0003B0D4)
        call sub_3CA1C (0x0003CA1C)
        call sub_3CA1C (0x0003CA1C)
        call sub_3C650 (0x0003C650)
      call sub_3B28C (0x0003B28C)
      call sub_6220 (0x00006220)
        call sub_3CA1C (0x0003CA1C)
        call sub_3C71C (0x0003C71C)
        call sub_45EA8 (0x00045EA8)
        call sub_5F6C (0x00005F6C)
        call sub_45F68 (0x00045F68)
        call sub_44B30 (0x00044B30)
        call sub_3CA1C (0x0003CA1C)
        call sub_3C6AC (0x0003C6AC)
        call sub_45EA8 (0x00045EA8)
        call sub_5F6C (0x00005F6C)
        call sub_45F68 (0x00045F68)
      call sub_6220 (0x00006220)
      call sub_5FB8 (0x00005FB8)
        call sub_3CA1C (0x0003CA1C)
        call sub_3B28C (0x0003B28C)
        call sub_1838 (0x00001838)
        call sub_1838 (0x00001838)
        call sub_1838 (0x00001838)
        call sub_1838 (0x00001838)
        call sub_6220 (0x00006220)
        call sub_1838 (0x00001838)
        call sub_45EA8 (0x00045EA8)
        call sub_6618 (0x00006618)
      call sub_45EA8 (0x00045EA8)
      call sub_5F6C (0x00005F6C)
        call sub_3CA1C (0x0003CA1C)
        call sub_45EE0 (0x00045EE0)
        call sub_45F68 (0x00045F68)
        call sub_3CA1C (0x0003CA1C)
        call sub_3B28C (0x0003B28C)
        call sub_1838 (0x00001838)
        call sub_1838 (0x00001838)
        call sub_1838 (0x00001838)
        call sub_1838 (0x00001838)
    call sub_45EA8 (0x00045EA8)
    call sub_45F98 (0x00045F98)
    call sub_45F68 (0x00045F68)
    call sub_6438 (0x00006438)
      call sub_3CA1C (0x0003CA1C)
      call sub_3B28C (0x0003B28C)
      call sub_650C (0x0000650C)
        call sub_3CA1C (0x0003CA1C)
        call sub_3B28C (0x0003B28C)
        call sub_3C6AC (0x0003C6AC)
        call sub_3B0C4 (0x0003B0C4)
        call sub_45EA8 (0x00045EA8)
        call sub_5F6C (0x00005F6C)
        call sub_45F68 (0x00045F68)
        call sub_44B30 (0x00044B30)
      call sub_3C7FC (0x0003C7FC)
      call sub_3B0C4 (0x0003B0C4)
        call sub_3B0B4 (0x0003B0B4)
        call sub_3CA1C (0x0003CA1C)
        call sub_44954 (0x00044954)
        call sub_3B524 (0x0003B524)
      call sub_45EA8 (0x00045EA8)
      call sub_5F6C (0x00005F6C)
      call sub_45F68 (0x00045F68)
      call sub_44B30 (0x00044B30)
        call sub_1322 (0x00001322)
        call sub_426C8 (0x000426C8)
        call sub_1322 (0x00001322)
        call sub_1322 (0x00001322)
        call sub_426C8 (0x000426C8)
        call sub_426C8 (0x000426C8)
        call sub_44AA8 (0x00044AA8)
        call sub_44599 (0x00044599)
    call sub_45F68 (0x00045F68)
    call sub_45EA8 (0x00045EA8)
    call sub_45FAC (0x00045FAC)
      call sub_3A370 (0x0003A370)
      call sub_3CA1C (0x0003CA1C)
      call sub_3A3B4 (0x0003A3B4)
        call sub_3A14C (0x0003A14C)
        call sub_3A1BC (0x0003A1BC)
        call sub_3926C (0x0003926C)
        call sub_3926C (0x0003926C)
        call sub_3A14C (0x0003A14C)
        call sub_3A59C (0x0003A59C)
        call sub_3A1BC (0x0003A1BC)
        call sub_3926C (0x0003926C)
        call sub_3A14C (0x0003A14C)
      call sub_45F98 (0x00045F98)
      call sub_45F68 (0x00045F68)
      call sub_3A4AC (0x0003A4AC)
        call sub_3A1E8 (0x0003A1E8)
        call sub_3A0F8 (0x0003A0F8)
      call sub_3A4AC (0x0003A4AC)
      call sub_3EDF0 (0x0003EDF0)
        call sub_3F244 (0x0003F244)
        call sub_3F244 (0x0003F244)
        call sub_3F244 (0x0003F244)
        call sub_3C6AC (0x0003C6AC)
        call sub_3F244 (0x0003F244)
      call sub_460EC (0x000460EC)
        call sub_3A59C (0x0003A59C)
        call sub_3CA1C (0x0003CA1C)
        call sub_45EA8 (0x00045EA8)
        call sub_3A370 (0x0003A370)
        call sub_45F98 (0x00045F98)
        call sub_45F68 (0x00045F68)
  call sub_45F68 (0x00045F68)
  call sub_3B28C (0x0003B28C)
  call sub_45EA8 (0x00045EA8)
  call sub_B178 (0x0000B178)
  call sub_45F68 (0x00045F68)
  call sub_2300 (0x00002300)
    call sub_3CA1C (0x0003CA1C)
    call sub_3B28C (0x0003B28C)
    call sub_3B28C (0x0003B28C)
    call sub_6220 (0x00006220)
    call sub_6220 (0x00006220)
    call sub_5FB8 (0x00005FB8)
    call sub_45EA8 (0x00045EA8)
    call sub_5F6C (0x00005F6C)
    call sub_45F68 (0x00045F68)
    call sub_19D8 (0x000019D8)
      call sub_3CA1C (0x0003CA1C)
      call sub_171C (0x0000171C)
        call sub_3C71C (0x0003C71C)
        call sub_3C71C (0x0003C71C)
      call sub_171C (0x0000171C)
      call sub_1558 (0x00001558)
        call sub_3CA1C (0x0003CA1C)
        call sub_3C71C (0x0003C71C)
        call sub_6220 (0x00006220)
        call sub_45EA8 (0x00045EA8)
        call sub_5F6C (0x00005F6C)
        call sub_45F68 (0x00045F68)
        call sub_44B30 (0x00044B30)
call sub_45EA8 (0x00045EA8)
call sub_5F6C (0x00005F6C)
call sub_45F68 (0x00045F68)
call sub_44B30 (0x00044B30)
call sub_3CA1C (0x0003CA1C)
call sub_C97C (0x0000C97C)
  call sub_3CA1C (0x0003CA1C)
  call sub_45EA8 (0x00045EA8)
  call sub_B178 (0x0000B178)
  call sub_45F68 (0x00045F68)
  call sub_3B28C (0x0003B28C)
  call sub_45EA8 (0x00045EA8)
  call sub_B178 (0x0000B178)
  call sub_45F68 (0x00045F68)
  call sub_24E0 (0x000024E0)
    call sub_3CA1C (0x0003CA1C)
    call sub_3B28C (0x0003B28C)
    call sub_3B28C (0x0003B28C)
    call sub_6220 (0x00006220)
    call sub_6220 (0x00006220)
    call sub_5FB8 (0x00005FB8)
    call sub_19D8 (0x000019D8)
    call sub_1838 (0x00001838)
      call sub_3CA1C (0x0003CA1C)
      call sub_171C (0x0000171C)
      call sub_171C (0x0000171C)
      call sub_1558 (0x00001558)
  call sub_B4F0 (0x0000B4F0)
    call sub_462AE (0x000462AE)
    call sub_462AE (0x000462AE)
    call sub_462AE (0x000462AE)
  call sub_45EA8 (0x00045EA8)
call sub_45EA8 (0x00045EA8)
call sub_5F6C (0x00005F6C)
call sub_45F68 (0x00045F68)

[PHASE 3] Context Structure Analysis
======================================================================

Analyzing context for _SMIPtestDownloadMPISP:

======================================================================
Analyzing: _SMIPtestDownloadMPISP @ RVA 0x00007AD8
======================================================================
Prologue ends at instruction 146

Parameter structure (ebp-relative):

======================================================================
CONTEXT STRUCTURE ANALYSIS: _SMIPtestDownloadMPISP
======================================================================

Analyzing context for _SMIPtestCheckRunMode:

======================================================================
Analyzing: _SMIPtestCheckRunMode @ RVA 0x00007C84
======================================================================
Prologue ends at instruction 145

Parameter structure (ebp-relative):

======================================================================
CONTEXT STRUCTURE ANALYSIS: _SMIPtestCheckRunMode
======================================================================

[+] Results saved to C:\SM2258XT_MPTool\analysis\analysis_results.txt
======================================================================
